// Jest Snapshot v1, https://goo.gl/fbAQLP

exports[`Component: Autocomplete should render 1`] = `
.c1 {
  width: 100%;
  border-radius: 4px;
  padding: 0 20px;
  background: #FFFFFF;
  display: -webkit-box;
  display: -webkit-flex;
  display: -ms-flexbox;
  display: flex;
  -webkit-box-pack: center;
  -webkit-justify-content: center;
  -ms-flex-pack: center;
  justify-content: center;
  -webkit-align-items: center;
  -webkit-box-align: center;
  -ms-flex-align: center;
  align-items: center;
}

.c1 i {
  font-size: 1.2rem;
  color: #A7A7A7;
  margin-right: 10px;
}

.c3 {
  width: 100%;
  height: 55px;
  padding: 10px 0;
  line-height: 20px;
  border: none;
  outline: none;
  color: #2f3235;
  background: transparent;
  cursor: pointer;
  outline: none;
  -webkit-tap-highlight-color: transparent;
}

.c7 {
  width: 100%;
  max-width: 600px;
  height: 100%;
  overflow: hidden;
  display: -webkit-box;
  display: -webkit-flex;
  display: -ms-flexbox;
  display: flex;
  -webkit-align-items: center;
  -webkit-box-align: center;
  -ms-flex-align: center;
  align-items: center;
  padding: 0 0 0 10px;
  cursor: pointer;
}

.c8 {
  width: 30px;
  height: 30px;
  border: solid #FFFFFF 1px;
  display: inline-block;
  border-radius: 4px;
  -webkit-appearance: button-bevel;
  box-shadow: 1px 2px 5px #888;
}

.c9 {
  display: -webkit-box;
  display: -webkit-flex;
  display: -ms-flexbox;
  display: flex;
  -webkit-flex-direction: column;
  -ms-flex-direction: column;
  flex-direction: column;
  -webkit-box-pack: space-evenly;
  -webkit-justify-content: space-evenly;
  -ms-flex-pack: space-evenly;
  justify-content: space-evenly;
  padding: 5px 0;
  width: 65%;
  margin-left: 14px;
}

.c10 {
  text-overflow: ellipsis;
  white-space: nowrap;
  overflow: hidden;
  width: 92%;
  font-size: 1.05rem;
  font-weight: 600;
  color: #FBA52B;
}

.c11 {
  text-overflow: ellipsis;
  white-space: nowrap;
  overflow: hidden;
  width: 92%;
  font-size: 0.92rem;
  line-height: 1.1rem;
  font-weight: 500;
  color: #585858;
}

.c0 {
  width: 100%;
  max-width: 550px;
  height: 55px;
  position: relative;
  cursor: pointer;
}

.c2 {
  background-color: #F3F3F3;
  -webkit-transition: background-color 0.2s ease-out;
  transition: background-color 0.2s ease-out;
}

.c2:hover {
  background-color: #FDF3E5;
}

.c4 {
  visibility: hidden;
  opacity: 0;
  -webkit-transform: translateY(10px);
  -ms-transform: translateY(10px);
  transform: translateY(10px);
  -webkit-transition: opacity 0.2s ease 0s,-webkit-transform 0.2s ease 0s;
  -webkit-transition: opacity 0.2s ease 0s,transform 0.2s ease 0s;
  transition: opacity 0.2s ease 0s,transform 0.2s ease 0s;
  position: absolute;
  box-sizing: border-box;
  background: #F3F3F3;
  z-index: 2;
  top: 55px;
  left: 0;
  padding: 0;
  width: 100%;
  height: auto;
  max-height: 400px;
  overflow: auto;
  box-shadow: 0 2px 2px rgba(0,0,0,0.35);
  border: 1px solid #F3F3F3;
  border-radius: 0 0 4px 4px;
  border-bottom-right-radius: 4px;
  border-bottom-left-radius: 4px;
  border-top: 0;
}

.c5 {
  width: 100%;
  -webkit-tap-highlight-color: transparent;
}

.c6 {
  width: 100%;
  border-bottom: 1px solid #E5EAED;
  list-style: none;
  display: -webkit-box;
  display: -webkit-flex;
  display: -ms-flexbox;
  display: flex;
  background-color: #F3F3F3;
  -webkit-transition: background-color 0.2s ease-out;
  transition: background-color 0.2s ease-out;
  outline: none;
  -webkit-tap-highlight-color: transparent;
  cursor: pointer;
}

.c6:hover {
  background-color: #FDF3E5;
}

@media only screen and (min-width:768px) {
  .c1 {
    max-width: 550px;
  }
}

@media only screen and (min-width:768px) {
  .c7 {
    -webkit-transition: background-color 0.2s ease-out;
    transition: background-color 0.2s ease-out;
  }

  .c7:hover {
    background-color: #FDF3E5;
  }

  .c7:hover h4 {
    color: #EC7E00;
  }
}

@media only screen and (min-width:768px) {
  .c9 {
    font-size: 1.3rem;
    line-height: 1.3rem;
    padding: 10px 0;
    margin-left: 16px;
  }
}

@media only screen and (min-width:1200px) {
  .c9 {
    margin-left: 20px;
  }
}

@media only screen and (min-width:768px) {
  .c10 {
    -webkit-transition: color 0.2s ease-out;
    transition: color 0.2s ease-out;
  }
}

<div
  class="c0"
  data-testid="autocomplete"
>
  <div
    class="c1 c2"
    data-testid="input-wrapper"
  >
    <i
      class="material-icons"
      data-testid="input-icon"
    >
      search
    </i>
    <input
      class="c3"
      placeholder="Search for locals..."
      type="text"
      value=""
    />
  </div>
  <div
    class="c4"
    data-testid="listbox-wrapper"
  >
    <ul
      class="c5"
      role="listbox"
    >
      <li
        class="c6"
        role="option"
      >
        <a
          class="c7"
          data-testid="card"
          type="suggestion"
        >
          <div
            class="LazyImage-Placeholder"
          >
            <img
              alt="Manifesto"
              class="c8"
              src="http://localhost:3000/static/images/generic-thumb.png"
              type="suggestion"
            />
          </div>
          <div
            class="c9"
            type="suggestion"
          >
            <h4
              class="c10"
              type="suggestion"
            >
              Manifesto
            </h4>
            <p
              class="c11"
              type="suggestion"
            >
              Rathmines
            </p>
          </div>
        </a>
      </li>
      <li
        class="c6"
        role="option"
      >
        <a
          class="c7"
          data-testid="card"
          type="suggestion"
        >
          <div
            class="LazyImage-Placeholder"
          >
            <img
              alt="Dragon Inn"
              class="c8"
              src="http://localhost:3000/static/images/generic-thumb.png"
              type="suggestion"
            />
          </div>
          <div
            class="c9"
            type="suggestion"
          >
            <h4
              class="c10"
              type="suggestion"
            >
              Dragon Inn
            </h4>
            <p
              class="c11"
              type="suggestion"
            >
              South City West
            </p>
          </div>
        </a>
      </li>
      <li
        class="c6"
        role="option"
      >
        <a
          class="c7"
          data-testid="card"
          type="suggestion"
        >
          <div
            class="LazyImage-Placeholder"
          >
            <img
              alt="Casa Del Toro"
              class="c8"
              src="http://localhost:3000/static/images/generic-thumb.png"
              type="suggestion"
            />
          </div>
          <div
            class="c9"
            type="suggestion"
          >
            <h4
              class="c10"
              type="suggestion"
            >
              Casa Del Toro
            </h4>
            <p
              class="c11"
              type="suggestion"
            >
              Drumcondra
            </p>
          </div>
        </a>
      </li>
    </ul>
  </div>
</div>
`;
