// Jest Snapshot v1, https://goo.gl/fbAQLP

exports[`should render 1`] = `
.c2 {
  font-size: 1.3rem;
  display: -webkit-box;
  display: -webkit-flex;
  display: -ms-flexbox;
  display: flex;
  -webkit-align-items: center;
  -webkit-box-align: center;
  -ms-flex-align: center;
  align-items: center;
  font-weight: 600;
  cursor: pointer;
  color: #FBA52B;
}

.c2 i {
  font-size: 0.8em;
  margin-right: 6px;
}

.c4 {
  color: #585858;
  line-height: 1.2rem;
}

.c0 {
  width: 100%;
  max-width: 350px;
  padding: 15px 15px 25px;
}

.c0 img {
  width: 100%;
  max-width: 350px;
  margin-bottom: 18px;
  width: 100%;
  max-width: 350px;
  margin-bottom: 18px;
  border: 1px solid #F3F3F3;
}

.c1 {
  display: -webkit-box;
  display: -webkit-flex;
  display: -ms-flexbox;
  display: flex;
  -webkit-flex-direction: column;
  -ms-flex-direction: column;
  flex-direction: column;
  -webkit-box-pack: space-around;
  -webkit-justify-content: space-around;
  -ms-flex-pack: space-around;
  justify-content: space-around;
}

.c3 {
  margin-bottom: 6px;
}

@media only screen and (min-width:540px) {
  .c2 {
    -webkit-transition: color 0.2s ease-out;
    transition: color 0.2s ease-out;
  }

  .c2:hover {
    color: #EC7E00;
  }
}

@media only screen and (min-width:1200px) {
  .c0 {
    -webkit-box-pack: justify;
    -webkit-justify-content: space-between;
    -ms-flex-pack: justify;
    justify-content: space-between;
  }
}

<div
  class="c0 undefined paper"
>
  <div
    class="LazyImage-Placeholder"
  >
    <img
      alt="alt restaurant mocked"
      src="http://localhost:3000/static/images/highlight-generic.png"
    />
  </div>
  <div
    class="c1"
  >
    <a
      class="c2 c3"
      href="/"
    >
      Title mocked
    </a>
    <p
      class="c4"
    >
      Description mocked
    </p>
  </div>
</div>
`;
