// Jest Snapshot v1, https://goo.gl/fbAQLP

exports[`Component: Footer should render 1`] = `
.c0 {
  width: 100%;
  position: absolute;
  left: 0;
  bottom: 0;
}

.c1 {
  background-color: #660000;
  display: -webkit-box;
  display: -webkit-flex;
  display: -ms-flexbox;
  display: flex;
  -webkit-box-pack: center;
  -webkit-justify-content: center;
  -ms-flex-pack: center;
  justify-content: center;
  padding: 20px 0;
}

.c2 {
  color: #D8D8D8;
  font-weight: 300;
  font-size: 0.9em;
}

.c2:not(:first-of-type) {
  margin-left: 5px;
}

.c2:not(:last-of-type):after {
  content: ' | ';
  margin-left: 3px;
}

.c2:last-of-type {
  margin-right: 1px;
}

.c3 {
  color: #D8D8D8;
  font-weight: 600;
  font-size: 0.9em;
  -webkit-text-decoration: none;
  text-decoration: none;
  -webkit-transition: color 0.2s ease-out;
  transition: color 0.2s ease-out;
}

.c3:hover {
  color: #FFFFFF;
}

@media only screen and (min-width:375px) {
  .c2:not(:first-of-type) {
    margin-left: 7px;
  }
}

@media only screen and (min-width:375px) {
  .c2:not(:last-of-type):after {
    margin-left: 5px;
  }
}

@media only screen and (min-width:375px) {
  .c2:last-of-type {
    margin-right: 3px;
  }
}

@media only screen and (min-width:375px) {
  .c2 {
    font-size: 1em;
  }
}

@media only screen and (min-width:375px) {
  .c3 {
    font-size: 1em;
  }
}

<footer
  class="c0"
>
  <div
    class="c1"
  >
    <p
      class="c2"
    >
      FOODUBLIN
    </p>
    <p
      class="c2"
    >
      COPYRIGHT ©2020
    </p>
    <p
      class="c2"
    >
      BY
    </p>
    <a
      class="c3"
      href="https://jdmiguel.netlify.app/"
      target="_blank"
    >
      JDMIGUEL
    </a>
  </div>
</footer>
`;
