// Jest Snapshot v1, https://goo.gl/fbAQLP

exports[`Component: Filter should render 1`] = `
.c0 {
  background-color: #FFFFFF;
  border-bottom: 1px solid #D8D8D8;
}

.c1 {
  width: 144px;
  padding: 15px 8px;
  margin: 0 8px 15px;
  border: 1px solid #89959B;
  background-color: #F3F3F3;
  font-size: 0.9rem;
  color: #585858;
  outline: none;
  cursor: pointer;
  display: -webkit-box;
  display: -webkit-flex;
  display: -ms-flexbox;
  display: flex;
  -webkit-box-pack: center;
  -webkit-justify-content: center;
  -ms-flex-pack: center;
  justify-content: center;
  background-color: #F3F3F3;
}

.c2 {
  text-transform: uppercase;
}

.c3 {
  display: none;
}

.c4 {
  font-size: 1.1rem;
  line-height: 18px;
  margin-left: 10px;
  display: block;
}

@media only screen and (min-width:480px) {
  .c0 {
    padding: 20px 20px 10px;
  }
}

@media only screen and (min-width:768px) {
  .c0 {
    padding: 20px;
  }
}

@media only screen and (min-width:992px) {
  .c0 {
    border: 1px solid #D8D8D8;
    border-radius: 4px;
  }
}

@media only screen and (min-width:400px) {
  .c1 {
    width: 180px;
  }
}

@media only screen and (min-width:480px) {
  .c1 {
    width: 200px;
    margin: 0 10px 15px;
  }
}

@media only screen and (min-width:680px) {
  .c1 {
    width: 250px;
  }
}

@media only screen and (min-width:768px) {
  .c1 {
    width: auto;
    margin: 0;
    padding: 15px;
    font-size: 1rem;
  }
}

@media only screen and (min-width:992px) {
  .c1 {
    padding: 20px;
  }
}

@media only screen and (min-width:920px) {
  .c3 {
    display: block;
  }
}

@media only screen and (min-width:920px) {
  .c4 {
    display: none;
  }
}

<div
  class="c0  grid-container"
>
  <div
    class="grid-x grid-margin-x"
  >
    <button
      class="c1 cell small-6 medium-3 large-3"
    >
      <span
        class="c2"
      >
        cost
      </span>
      <span
        class="c3"
      >
         - high to low
      </span>
      <i
        class="c4 material-icons"
      >
        keyboard_arrow_up
      </i>
    </button>
    <button
      class="c1 cell small-6 medium-3 large-3"
    >
      <span
        class="c2"
      >
        cost
      </span>
      <span
        class="c3"
      >
         - low to high
      </span>
      <i
        class="c4 material-icons"
      >
        keyboard_arrow_down
      </i>
    </button>
    <button
      class="c1 cell small-6 medium-3 large-3"
    >
      <span
        class="c2"
      >
        rank
      </span>
      <span
        class="c3"
      >
         - high to low
      </span>
      <i
        class="c4 material-icons"
      >
        keyboard_arrow_up
      </i>
    </button>
    <button
      class="c1 cell small-6 medium-3 large-3"
    >
      <span
        class="c2"
      >
        rank
      </span>
      <span
        class="c3"
      >
         - low to high
      </span>
      <i
        class="c4 material-icons"
      >
        keyboard_arrow_down
      </i>
    </button>
  </div>
</div>
`;
