// Jest Snapshot v1, https://goo.gl/fbAQLP

exports[`Component: HeaderBar should render 1`] = `
.c6 {
  font-size: 0.85rem;
  display: -webkit-box;
  display: -webkit-flex;
  display: -ms-flexbox;
  display: flex;
  -webkit-align-items: center;
  -webkit-box-align: center;
  -ms-flex-align: center;
  align-items: center;
  font-weight: 600;
  cursor: pointer;
  color: #FBA52B;
}

.c6 i {
  font-size: 0.8em;
  margin-right: 4px;
}

.c5 {
  font-size: 0.85rem;
  display: -webkit-box;
  display: -webkit-flex;
  display: -ms-flexbox;
  display: flex;
  -webkit-align-items: center;
  -webkit-box-align: center;
  -ms-flex-align: center;
  align-items: center;
  font-weight: 600;
  cursor: pointer;
  color: #FBA52B;
  pointer-events: none;
  color: #A7A7A7;
  font-weight: 400;
}

.c5 i {
  font-size: 0.8em;
  margin-right: 4px;
}

.c2 {
  display: -webkit-box;
  display: -webkit-flex;
  display: -ms-flexbox;
  display: flex;
  -webkit-flex-direction: column;
  -ms-flex-direction: column;
  flex-direction: column;
}

.c3 {
  display: -webkit-box;
  display: -webkit-flex;
  display: -ms-flexbox;
  display: flex;
  -webkit-align-items: center;
  -webkit-box-align: center;
  -ms-flex-align: center;
  align-items: center;
}

.c4 {
  white-space: nowrap;
  margin: 0 5px 3px 0;
}

.c0 {
  background-color: #F3F3F3;
  border-bottom: 1px solid #D8D8D8;
}

.c1 {
  display: -webkit-box;
  display: -webkit-flex;
  display: -ms-flexbox;
  display: flex;
  -webkit-flex-direction: row;
  -ms-flex-direction: row;
  flex-direction: row;
  -webkit-box-pack: justify;
  -webkit-justify-content: space-between;
  -ms-flex-pack: justify;
  justify-content: space-between;
  -webkit-align-items: center;
  -webkit-box-align: center;
  -ms-flex-align: center;
  align-items: center;
  padding: 15px 20px;
}

@media only screen and (min-width:330px) {
  .c6 {
    font-size: 1rem;
  }
}

@media only screen and (min-width:540px) {
  .c6 {
    -webkit-transition: color 0.2s ease-out;
    transition: color 0.2s ease-out;
  }

  .c6:hover {
    color: #EC7E00;
  }
}

@media only screen and (min-width:330px) {
  .c5 {
    font-size: 1rem;
  }
}

@media only screen and (min-width:540px) {
  .c5 {
    -webkit-transition: color 0.2s ease-out;
    transition: color 0.2s ease-out;
  }

  .c5:hover {
    color: #EC7E00;
  }
}

@media only screen and (min-width:600px) {
  .c2 {
    -webkit-flex-direction: row;
    -ms-flex-direction: row;
    flex-direction: row;
  }
}

@media only screen and (max-width:330px) {
  .c4 {
    font-size: 0.85rem;
  }
}

@media only screen and (min-width:600px) {
  .c4 {
    margin: 0 5px 0 0;
  }
}

@media only screen and (min-width:600px) {
  .c1 {
    padding: 15px 30px;
  }
}

@media only screen and (min-width:768px) {
  .c1 {
    padding: 15px 35px;
  }
}

@media only screen and (min-width:1024px) {
  .c1 {
    padding: 15px 48px;
  }
}

@media only screen and (min-width:1200px) {
  .c1 {
    padding: 15px 30px;
  }
}

<div
  class="c0"
  data-testid="header-bar"
>
  <div
    class="c1"
  >
    <div
      class="c2"
      data-testid="breadcrumbs"
    >
      <div
        class="c3"
      >
        <div
          class="c4"
        >
          <a
            class="c5"
            disabled=""
          >
            Home
          </a>
        </div>
      </div>
    </div>
    <a
      class="c6"
    >
      <i
        class="material-icons"
      >
        bookmarks
      </i>
      FAVORITES
    </a>
  </div>
</div>
`;
