// Jest Snapshot v1, https://goo.gl/fbAQLP

exports[`Component: Header should render Header 1`] = `
.c3 {
  margin-bottom: 5px;
}

.c5 {
  max-width: 300px;
}

.c7 {
  font-size: 1.3rem;
  display: -webkit-box;
  display: -webkit-flex;
  display: -ms-flexbox;
  display: flex;
  -webkit-align-items: center;
  -webkit-box-align: center;
  -ms-flex-align: center;
  align-items: center;
  font-weight: 600;
  cursor: pointer;
  color: #FBA52B;
}

.c7 i {
  font-size: 0.8em;
  margin-right: 6px;
}

.c0 {
  width: 100%;
  display: -webkit-box;
  display: -webkit-flex;
  display: -ms-flexbox;
  display: flex;
  -webkit-box-pack: center;
  -webkit-justify-content: center;
  -ms-flex-pack: center;
  justify-content: center;
  border-bottom: 1px solid #D8D8D8;
  background-image: url(http://localhost:3000/static/images/food.jpg);
  background-color: #A7A7A7;
  background-size: cover;
  background-position: center;
  display: -webkit-box;
  display: -webkit-flex;
  display: -ms-flexbox;
  display: flex;
}

.c1 {
  width: 100%;
  height: 80px;
  background: rgba(0,0,0,0.8);
}

.c2 {
  width: 100%;
  height: 100%;
  display: -webkit-box;
  display: -webkit-flex;
  display: -ms-flexbox;
  display: flex;
  -webkit-box-pack: space-around;
  -webkit-justify-content: space-around;
  -ms-flex-pack: space-around;
  justify-content: space-around;
  -webkit-align-items: center;
  -webkit-box-align: center;
  -ms-flex-align: center;
  align-items: center;
  max-width: 1140px;
  margin: 0 auto;
}

.c4 {
  width: 190px;
}

.c6 {
  font-size: 1.3rem;
  text-align: center;
  font-weight: 400;
  color: #A7A7A7;
  display: none;
}

.c9 {
  display: none;
}

@media only screen and (min-width:540px) {
  .c3 {
    margin-bottom: 7px;
  }
}

@media only screen and (min-width:540px) {
  .c7 {
    -webkit-transition: color 0.2s ease-out;
    transition: color 0.2s ease-out;
  }

  .c7:hover {
    color: #EC7E00;
  }
}

@media only screen and (min-width:1200px) {
  .c2 {
    -webkit-box-pack: justify;
    -webkit-justify-content: space-between;
    -ms-flex-pack: justify;
    justify-content: space-between;
  }
}

@media only screen and (min-width:768px) {

}

@media only screen and (min-width:992px) {
  .c4 {
    width: 200px;
  }
}

@media only screen and (min-width:350px) {

}

@media only screen and (min-width:768px) {
  .c6 {
    display: block;
  }
}

@media only screen and (min-width:992px) {
  .c6 {
    font-size: 1.6rem;
  }
}

@media only screen and (max-width:539px) {
  .c8 {
    color: #FFFFFF;
    padding: 10px;
    border-radius: 50%;
    background-color: #FBA52B;
  }

  .c8 i {
    margin-right: 0;
  }
}

@media only screen and (min-width:540px) {
  .c9 {
    display: block;
  }
}

<header
  class="c0"
  data-testid="header"
>
  <div
    class="c1"
  >
    <div
      class="c2"
    >
      <a
        class="c3"
        href="/"
      >
        <h1
          class="c4"
          data-testid="logo"
        >
          <img
            alt="FooDublin Logo"
            class="c5"
            src="http://localhost:3000/static/images/logo.svg"
          />
        </h1>
      </a>
      <h2
        class="c6"
      >
        Mocked claim text
      </h2>
      <a
        class="c7 c8"
        href="/favorites"
      >
        <i
          class="material-icons"
        >
          bookmarks
        </i>
        <span
          class="c9"
        >
          FAVORITES
        </span>
      </a>
    </div>
  </div>
</header>
`;

exports[`Component: Header should render extended Header 1`] = `
.c3 {
  margin-bottom: 5px;
}

.c5 {
  max-width: 300px;
}

.c10 {
  width: 100%;
  border-radius: 4px;
  padding: 0 20px;
  background: #FFFFFF;
  display: -webkit-box;
  display: -webkit-flex;
  display: -ms-flexbox;
  display: flex;
  -webkit-box-pack: center;
  -webkit-justify-content: center;
  -ms-flex-pack: center;
  justify-content: center;
  -webkit-align-items: center;
  -webkit-box-align: center;
  -ms-flex-align: center;
  align-items: center;
}

.c10 i {
  font-size: 1.2rem;
  color: #A7A7A7;
  margin-right: 10px;
}

.c12 {
  width: 100%;
  height: 55px;
  padding: 10px 0;
  line-height: 20px;
  border: none;
  outline: none;
  color: #2f3235;
  background: transparent;
  cursor: pointer;
  outline: none;
  -webkit-tap-highlight-color: transparent;
}

.c16 {
  width: 100%;
  max-width: 600px;
  overflow: hidden;
}

.c17 {
  width: 100%;
  height: 100%;
  display: -webkit-box;
  display: -webkit-flex;
  display: -ms-flexbox;
  display: flex;
  -webkit-align-items: center;
  -webkit-box-align: center;
  -ms-flex-align: center;
  align-items: center;
  padding: 0 0 0 10px;
  cursor: pointer;
}

.c18 {
  width: 30px;
  height: 30px;
  border: solid #FFFFFF 1px;
  display: inline-block;
  border-radius: 4px;
  -webkit-appearance: button-bevel;
  box-shadow: 1px 2px 5px #888;
}

.c19 {
  display: -webkit-box;
  display: -webkit-flex;
  display: -ms-flexbox;
  display: flex;
  -webkit-flex-direction: column;
  -ms-flex-direction: column;
  flex-direction: column;
  -webkit-box-pack: space-evenly;
  -webkit-justify-content: space-evenly;
  -ms-flex-pack: space-evenly;
  justify-content: space-evenly;
  padding: 5px 0;
  width: 65%;
  margin-left: 14px;
}

.c20 {
  text-overflow: ellipsis;
  white-space: nowrap;
  overflow: hidden;
  width: 92%;
  font-size: 1.05rem;
  font-weight: 600;
  color: #FBA52B;
}

.c21 {
  text-overflow: ellipsis;
  white-space: nowrap;
  overflow: hidden;
  width: 92%;
  font-size: 0.92rem;
  line-height: 1.1rem;
  font-weight: 500;
  color: #585858;
}

.c30 {
  color: #585858;
  font-size: 1.2rem;
  font-weight: 500;
}

.c8 {
  width: 100%;
  max-width: 550px;
  height: 55px;
  position: relative;
  cursor: pointer;
}

.c11 {
  background-color: #F3F3F3;
  -webkit-transition: background-color 0.2s ease-out;
  transition: background-color 0.2s ease-out;
}

.c11:hover {
  background-color: #FDF3E5;
}

.c13 {
  visibility: hidden;
  opacity: 0;
  -webkit-transform: translateY(10px);
  -ms-transform: translateY(10px);
  transform: translateY(10px);
  -webkit-transition: opacity 0.2s ease 0s,-webkit-transform 0.2s ease 0s;
  -webkit-transition: opacity 0.2s ease 0s,transform 0.2s ease 0s;
  transition: opacity 0.2s ease 0s,transform 0.2s ease 0s;
  position: absolute;
  box-sizing: border-box;
  background: #F3F3F3;
  z-index: 2;
  top: 55px;
  left: 0;
  padding: 0;
  width: 100%;
  height: auto;
  max-height: 400px;
  overflow: auto;
  box-shadow: 0 2px 2px rgba(0,0,0,0.35);
  border: 1px solid #F3F3F3;
  border-radius: 0 0 4px 4px;
  border-bottom-right-radius: 4px;
  border-bottom-left-radius: 4px;
  border-top: 0;
}

.c14 {
  width: 100%;
  -webkit-tap-highlight-color: transparent;
}

.c15 {
  width: 100%;
  border-bottom: 1px solid #E5EAED;
  list-style: none;
  display: -webkit-box;
  display: -webkit-flex;
  display: -ms-flexbox;
  display: flex;
  background-color: #F3F3F3;
  -webkit-transition: background-color 0.2s ease-out;
  transition: background-color 0.2s ease-out;
  outline: none;
  -webkit-tap-highlight-color: transparent;
  cursor: pointer;
}

.c15:hover {
  background-color: #FDF3E5;
}

.c24 {
  width: 100%;
  max-width: 550px;
  height: 100%;
  position: initial;
}

.c26 {
  position: relative;
  border-radius: 4px;
  background-color: #F3F3F3;
}

.c27 {
  width: 100%;
  height: 55px;
  background-color: #F3F3F3;
  line-height: 55px;
  padding: 0 4px 0 8px;
  display: -webkit-box;
  display: -webkit-flex;
  display: -ms-flexbox;
  display: flex;
  -webkit-align-items: center;
  -webkit-box-align: center;
  -ms-flex-align: center;
  align-items: center;
  border-radius: 4px;
  cursor: pointer;
  outline: none;
  -webkit-tap-highlight-color: transparent;
  -webkit-transition: background-color 0.2s ease-out;
  transition: background-color 0.2s ease-out;
  -webkit-user-select: none;
  -moz-user-select: none;
  -ms-user-select: none;
  user-select: none;
  -webkit-user-select: none;
  -ms-user-select: none;
  -moz-user-select: none;
}

.c27 i:first-of-type {
  font-size: 1rem;
  margin-left: 5px;
  margin-right: 10px;
  color: #D48C24;
}

.c27:hover {
  background-color: #FDF3E5;
}

.c27 i:last-of-type {
  position: absolute;
  z-index: 1;
  top: 14px;
  right: 7px;
  font-size: 1.7rem;
}

.c28 {
  visibility: hidden;
  opacity: 0;
  overflow: auto;
  -webkit-transition: opacity 0.2s ease 0s;
  transition: opacity 0.2s ease 0s;
  position: absolute;
  box-sizing: border-box;
  background-color: #F3F3F3;
  z-index: 2;
  top: 0;
  left: 0;
  padding: 20px 10px 10px;
  width: 100%;
  height: 100%;
  max-height: 100vh;
  border: 1px solid #F3F3F3;
  border-radius: 4px;
  border-top: 0;
  border-bottom: 0;
  outline: none;
}

.c29 {
  display: -webkit-box;
  display: -webkit-flex;
  display: -ms-flexbox;
  display: flex;
  -webkit-box-pack: justify;
  -webkit-justify-content: space-between;
  -ms-flex-pack: justify;
  justify-content: space-between;
  -webkit-align-items: center;
  -webkit-box-align: center;
  -ms-flex-align: center;
  align-items: center;
  padding: 0 10px;
  margin: 10px 0 15px;
}

.c31 {
  font-size: 1.3rem;
}

.c32 {
  cursor: pointer;
  line-height: 0;
  background-color: transparent;
  outline: none;
  -webkit-tap-highlight-color: transparent;
  margin-top: 4px;
}

.c32 i {
  font-size: 1.1rem;
  font-weight: 600;
}

.c32 i {
  color: #585858;
  font-size: 1.5rem;
}

.c33 {
  width: 100%;
  height: 55px;
  border-bottom: 1px solid #E5EAED;
  list-style: none;
  display: block;
  overflow: hidden;
  color: #2f3235;
  display: -webkit-box;
  display: -webkit-flex;
  display: -ms-flexbox;
  display: flex;
  -webkit-align-items: center;
  -webkit-box-align: center;
  -ms-flex-align: center;
  align-items: center;
  width: 100%;
  padding: 9px 11px;
  cursor: pointer;
  outline: none;
  -webkit-tap-highlight-color: transparent;
}

.c33:hover {
  background-color: #FDF3E5;
}

.c33:focus {
  background-color: #FDF3E5;
}

.c35 {
  width: 18px;
  margin-right: 12px;
}

.c34 {
  color: #2f3235;
  font-size: 0.9rem;
  font-weight: 400;
}

.c36 {
  width: 100%;
  height: 55px;
}

.c38 {
  width: 100%;
  height: 100%;
  -webkit-letter-spacing: 0.5px;
  -moz-letter-spacing: 0.5px;
  -ms-letter-spacing: 0.5px;
  letter-spacing: 0.5px;
  text-transform: uppercase;
  padding: 0 15px;
  border-radius: 4px;
  cursor: pointer;
  outline: none;
  background-color: #FBA52B;
  color: #FFFFFF;
  font-weight: 600;
  -webkit-transition: background-color 0.2s ease-out;
  transition: background-color 0.2s ease-out;
  display: -webkit-box;
  display: -webkit-flex;
  display: -ms-flexbox;
  display: flex;
  -webkit-box-pack: center;
  -webkit-justify-content: center;
  -ms-flex-pack: center;
  justify-content: center;
  -webkit-align-items: center;
  -webkit-box-align: center;
  -ms-flex-align: center;
  align-items: center;
}

.c38 i {
  margin-right: 6px;
  font-size: 1.3em;
}

.c38:hover {
  background-color: #EC7E00;
}

.c38:focus {
  background-color: #EC7E00;
}

.c7 {
  width: 85%;
  display: -webkit-box;
  display: -webkit-flex;
  display: -ms-flexbox;
  display: flex;
  -webkit-flex-direction: column;
  -ms-flex-direction: column;
  flex-direction: column;
  -webkit-box-pack: center;
  -webkit-justify-content: center;
  -ms-flex-pack: center;
  justify-content: center;
  -webkit-align-items: center;
  -webkit-box-align: center;
  -ms-flex-align: center;
  align-items: center;
}

.c9 {
  margin: 0 0 25px;
}

.c22 {
  background-color: #A7A7A7;
  width: 100%;
  height: 1px;
  margin: 0 0 25px 0;
  max-width: 550px;
}

.c23 {
  width: 100%;
  display: -webkit-box;
  display: -webkit-flex;
  display: -ms-flexbox;
  display: flex;
  -webkit-flex-direction: column;
  -ms-flex-direction: column;
  flex-direction: column;
  -webkit-box-pack: center;
  -webkit-justify-content: center;
  -ms-flex-pack: center;
  justify-content: center;
  margin-bottom: 22px;
}

.c23:first-child {
  margin-right: 2%;
}

.c25 {
  width: 100%;
}

.c25:first-of-type {
  margin-right: 2%;
  margin-bottom: 15px;
}

.c37 {
  width: 100%;
  margin-bottom: 10px;
}

.c0 {
  width: 100%;
  display: -webkit-box;
  display: -webkit-flex;
  display: -ms-flexbox;
  display: flex;
  -webkit-box-pack: center;
  -webkit-justify-content: center;
  -ms-flex-pack: center;
  justify-content: center;
  border-bottom: 1px solid #D8D8D8;
  background-image: url(http://localhost:3000/static/images/food.jpg);
  background-color: #A7A7A7;
  background-size: cover;
  background-position: center;
  display: -webkit-box;
  display: -webkit-flex;
  display: -ms-flexbox;
  display: flex;
}

.c1 {
  width: 100%;
  height: 550px;
  background: rgba(0,0,0,0.8);
}

.c2 {
  width: 100%;
  height: 100%;
  display: -webkit-box;
  display: -webkit-flex;
  display: -ms-flexbox;
  display: flex;
  -webkit-flex-direction: column;
  -ms-flex-direction: column;
  flex-direction: column;
  -webkit-box-pack: center;
  -webkit-justify-content: center;
  -ms-flex-pack: center;
  justify-content: center;
  -webkit-align-items: center;
  -webkit-box-align: center;
  -ms-flex-align: center;
  align-items: center;
  margin: 15px 0 25px;
}

.c4 {
  width: 225px;
  margin: 15px 0 25px;
}

.c6 {
  font-size: 1.25rem;
  text-align: center;
  font-weight: 400;
  color: #A7A7A7;
  margin-bottom: 35px;
}

@media only screen and (min-width:540px) {
  .c3 {
    margin-bottom: 7px;
  }
}

@media only screen and (min-width:768px) {
  .c10 {
    max-width: 550px;
  }
}

@media only screen and (min-width:768px) {
  .c17 {
    -webkit-transition: background-color 0.2s ease-out;
    transition: background-color 0.2s ease-out;
  }

  .c17:hover {
    background-color: #FDF3E5;
  }

  .c17:hover h4 {
    color: #EC7E00;
  }
}

@media only screen and (min-width:768px) {
  .c19 {
    font-size: 1.3rem;
    line-height: 1.3rem;
    padding: 10px 0;
    margin-left: 16px;
  }
}

@media only screen and (min-width:1200px) {
  .c19 {
    margin-left: 20px;
  }
}

@media only screen and (min-width:768px) {
  .c20 {
    -webkit-transition: color 0.2s ease-out;
    transition: color 0.2s ease-out;
  }
}

@media only screen and (min-width:992px) {
  .c30 {
    font-size: 1.45rem;
  }
}

@media only screen and (min-width:768px) {
  .c24 {
    height: 55px;
    position: relative;
  }
}

@media only screen and (min-width:768px) {
  .c28 {
    max-height: 440px;
    height: auto;
    padding: 0;
    box-shadow: 0 2px 2px rgba(0,0,0,0.35);
    -webkit-transition: opacity 0.2s ease 0s,-webkit-transform 0.2s ease 0s;
    -webkit-transition: opacity 0.2s ease 0s,transform 0.2s ease 0s;
    transition: opacity 0.2s ease 0s,transform 0.2s ease 0s;
    -webkit-transform: translateY( 20px );
    -ms-transform: translateY( 20px );
    transform: translateY( 20px );
  }
}

@media only screen and (min-width:768px) {
  .c29 {
    display: none;
  }
}

@media only screen and (min-width:470px) {
  .c7 {
    width: 70%;
  }
}

@media only screen and (min-width:768px) {
  .c7 {
    width: 60%;
  }
}

@media only screen and (min-width:992px) {
  .c7 {
    width: 58rem;
    display: -webkit-box;
    display: -webkit-flex;
    display: -ms-flexbox;
    display: flex;
    -webkit-flex-direction: row;
    -ms-flex-direction: row;
    flex-direction: row;
    -webkit-box-pack: center;
    -webkit-justify-content: center;
    -ms-flex-pack: center;
    justify-content: center;
    -webkit-align-items: center;
    -webkit-box-align: center;
    -ms-flex-align: center;
    align-items: center;
  }
}

@media only screen and (min-width:1250px) {
  .c7 {
    width: 71rem;
  }
}

@media only screen and (min-width:992px) {
  .c9 {
    margin: 0 2% 0 0;
    width: 39%;
  }
}

@media only screen and (min-width:1200px) {
  .c9 {
    width: 44%;
  }
}

@media only screen and (min-width:992px) {
  .c22 {
    width: 1px;
    height: 90%;
    margin: 0 2% 0 0;
  }
}

@media only screen and (min-width:768px) {
  .c23 {
    -webkit-flex-direction: row;
    -ms-flex-direction: row;
    flex-direction: row;
  }
}

@media only screen and (min-width:992px) {
  .c23 {
    width: 47%;
    -webkit-box-pack: space-around;
    -webkit-justify-content: space-around;
    -ms-flex-pack: space-around;
    justify-content: space-around;
    margin-bottom: 0;
  }

  .c23:first-child {
    margin-right: 0;
  }
}

@media only screen and (min-width:768px) {
  .c25 {
    max-width: 270px;
  }

  .c25:first-of-type {
    margin-bottom: 0;
  }
}

@media only screen and (min-width:992px) {
  .c25 {
    margin-right: 2%;
    width: 48%;
  }
}

@media only screen and (min-width:768px) {
  .c37 {
    width: 300px;
    margin-bottom: 0;
  }
}

@media only screen and (min-width:992px) {
  .c37 {
    width: 10%;
  }
}

@media only screen and (min-width:768px) {
  .c4 {
    width: 270px;
  }
}

@media only screen and (min-width:992px) {
  .c4 {
    width: 300px;
    margin: 0 0 30px;
  }
}

@media only screen and (min-width:350px) {
  .c6 {
    font-size: 1.45rem;
  }
}

@media only screen and (min-width:768px) {
  .c6 {
    font-size: 2rem;
  }
}

@media only screen and (min-width:992px) {
  .c6 {
    font-size: 2.5rem;
  }
}

<header
  class="c0"
  data-testid="header"
>
  <div
    class="c1"
  >
    <div
      class="c2"
    >
      <a
        class="c3"
        href="/"
      >
        <h1
          class="c4"
          data-testid="logo"
        >
          <img
            alt="FooDublin Logo"
            class="c5"
            src="http://localhost:3000/static/images/logo.svg"
          />
        </h1>
      </a>
      <h2
        class="c6"
      >
        Mocked claim text
      </h2>
      <div
        class="c7"
      >
        <div
          class="c8 c9"
          data-testid="autocomplete"
        >
          <div
            class="c10 c11"
            data-testid="input-wrapper"
          >
            <i
              class="material-icons"
              data-testid="input-icon"
            >
              search
            </i>
            <input
              class="c12"
              placeholder="Search for locals..."
              type="text"
              value=""
            />
          </div>
          <div
            class="c13"
            data-testid="listbox-wrapper"
          >
            <ul
              class="c14"
              role="listbox"
            >
              <li
                class="c15"
                role="option"
              >
                <div
                  class="c16"
                  type="suggestion"
                >
                  <a
                    class="c17"
                    href=""
                    type="suggestion"
                  >
                    <div
                      class="LazyImage-Placeholder"
                    >
                      <img
                        alt=""
                        class="c18"
                        src="http://localhost:3000/static/images/generic-thumb.png"
                        type="suggestion"
                      />
                    </div>
                    <div
                      class="c19"
                      type="suggestion"
                    >
                      <h4
                        class="c20"
                        type="suggestion"
                      />
                      <p
                        class="c21"
                        type="suggestion"
                      />
                    </div>
                  </a>
                </div>
              </li>
            </ul>
          </div>
        </div>
        <span
          class="c22"
        />
        <div
          class="c23"
        >
          <div
            class="c24 c25"
            data-testid="dropdown"
          >
            <div
              class="c26"
            >
              <button
                class="c27"
                type="button"
              >
                <i
                  class="material-icons"
                  data-testid="label-icon"
                >
                  near_me
                </i>
                <span>
                  Select any location
                </span>
                <i
                  class="material-icons"
                >
                  arrow_drop_down
                </i>
              </button>
            </div>
            <div
              class="c28"
              data-testid="dropdown-list"
              role="listbox"
              tabindex="0"
            >
              <div
                class="c29"
              >
                <h4
                  class="c30 c31"
                >
                  Select any location
                </h4>
                <button
                  class="c32"
                  type="button"
                >
                  <i
                    class="material-icons"
                  >
                    close
                  </i>
                </button>
              </div>
              <div
                class="c33"
                role="option"
              >
                <p
                  class="c34"
                >
                  Dublin
                </p>
              </div>
              <div
                class="c33"
                role="option"
              >
                <p
                  class="c34"
                >
                  South City West
                </p>
              </div>
              <div
                class="c33"
                role="option"
              >
                <p
                  class="c34"
                >
                  Temple Bar
                </p>
              </div>
              <div
                class="c33"
                role="option"
              >
                <p
                  class="c34"
                >
                  Clondalkin
                </p>
              </div>
              <div
                class="c33"
                role="option"
              >
                <p
                  class="c34"
                >
                  Swords
                </p>
              </div>
              <div
                class="c33"
                role="option"
              >
                <p
                  class="c34"
                >
                  Tallaght
                </p>
              </div>
              <div
                class="c33"
                role="option"
              >
                <p
                  class="c34"
                >
                  Blanchardstown
                </p>
              </div>
              <div
                class="c33"
                role="option"
              >
                <p
                  class="c34"
                >
                  South City East
                </p>
              </div>
              <div
                class="c33"
                role="option"
              >
                <p
                  class="c34"
                >
                  Dundrum
                </p>
              </div>
              <div
                class="c33"
                role="option"
              >
                <p
                  class="c34"
                >
                  Finglas
                </p>
              </div>
              <div
                class="c33"
                role="option"
              >
                <p
                  class="c34"
                >
                  Ballyfermot
                </p>
              </div>
              <div
                class="c33"
                role="option"
              >
                <p
                  class="c34"
                >
                  Santry
                </p>
              </div>
              <div
                class="c33"
                role="option"
              >
                <p
                  class="c34"
                >
                  Lucan
                </p>
              </div>
              <div
                class="c33"
                role="option"
              >
                <p
                  class="c34"
                >
                  Artane
                </p>
              </div>
              <div
                class="c33"
                role="option"
              >
                <p
                  class="c34"
                >
                  Malahide
                </p>
              </div>
              <div
                class="c33"
                role="option"
              >
                <p
                  class="c34"
                >
                  Dun Laoghaire
                </p>
              </div>
              <div
                class="c33"
                role="option"
              >
                <p
                  class="c34"
                >
                  Walkinstown
                </p>
              </div>
              <div
                class="c33"
                role="option"
              >
                <p
                  class="c34"
                >
                  Blackrock
                </p>
              </div>
              <div
                class="c33"
                role="option"
              >
                <p
                  class="c34"
                >
                  Palmerstown
                </p>
              </div>
              <div
                class="c33"
                role="option"
              >
                <p
                  class="c34"
                >
                  Rathmines
                </p>
              </div>
              <div
                class="c33"
                role="option"
              >
                <p
                  class="c34"
                >
                  Balbriggan
                </p>
              </div>
              <div
                class="c33"
                role="option"
              >
                <p
                  class="c34"
                >
                  Ballybrack
                </p>
              </div>
              <div
                class="c33"
                role="option"
              >
                <p
                  class="c34"
                >
                  Smithfield
                </p>
              </div>
              <div
                class="c33"
                role="option"
              >
                <p
                  class="c34"
                >
                  Crumlin
                </p>
              </div>
              <div
                class="c33"
                role="option"
              >
                <p
                  class="c34"
                >
                  Castleknock
                </p>
              </div>
              <div
                class="c33"
                role="option"
              >
                <p
                  class="c34"
                >
                  Howth
                </p>
              </div>
              <div
                class="c33"
                role="option"
              >
                <p
                  class="c34"
                >
                  Cabra
                </p>
              </div>
              <div
                class="c33"
                role="option"
              >
                <p
                  class="c34"
                >
                  Whitehall
                </p>
              </div>
              <div
                class="c33"
                role="option"
              >
                <p
                  class="c34"
                >
                  Portmarnock
                </p>
              </div>
              <div
                class="c33"
                role="option"
              >
                <p
                  class="c34"
                >
                  Kimmage
                </p>
              </div>
            </div>
          </div>
          <div
            class="c24 c25"
            data-testid="dropdown"
          >
            <div
              class="c26"
            >
              <button
                class="c27"
                type="button"
              >
                <i
                  class="material-icons"
                  data-testid="label-icon"
                >
                  restaurant
                </i>
                <span>
                  Select any cuisine
                </span>
                <i
                  class="material-icons"
                >
                  arrow_drop_down
                </i>
              </button>
            </div>
            <div
              class="c28"
              data-testid="dropdown-list"
              role="listbox"
              tabindex="0"
            >
              <div
                class="c29"
              >
                <h4
                  class="c30 c31"
                >
                  Select any cuisine
                </h4>
                <button
                  class="c32"
                  type="button"
                >
                  <i
                    class="material-icons"
                  >
                    close
                  </i>
                </button>
              </div>
              <div
                class="c33"
                role="option"
              >
                <img
                  alt="Irish"
                  class="c35"
                  src="http://localhost:3000/static/images/stew.svg"
                />
                <p
                  class="c34"
                >
                  Irish
                </p>
              </div>
              <div
                class="c33"
                role="option"
              >
                <img
                  alt="Italian"
                  class="c35"
                  src="http://localhost:3000/static/images/pizza.svg"
                />
                <p
                  class="c34"
                >
                  Italian
                </p>
              </div>
              <div
                class="c33"
                role="option"
              >
                <img
                  alt="Mediterranean"
                  class="c35"
                  src="http://localhost:3000/static/images/bruschetta.svg"
                />
                <p
                  class="c34"
                >
                  Mediterranean
                </p>
              </div>
              <div
                class="c33"
                role="option"
              >
                <img
                  alt="Asian"
                  class="c35"
                  src="http://localhost:3000/static/images/rice.svg"
                />
                <p
                  class="c34"
                >
                  Asian
                </p>
              </div>
              <div
                class="c33"
                role="option"
              >
                <img
                  alt="Healthy Food"
                  class="c35"
                  src="http://localhost:3000/static/images/healthy_food.svg"
                />
                <p
                  class="c34"
                >
                  Healthy Food
                </p>
              </div>
              <div
                class="c33"
                role="option"
              >
                <img
                  alt="Indian"
                  class="c35"
                  src="http://localhost:3000/static/images/gulab.svg"
                />
                <p
                  class="c34"
                >
                  Indian
                </p>
              </div>
              <div
                class="c33"
                role="option"
              >
                <img
                  alt="Mexican"
                  class="c35"
                  src="http://localhost:3000/static/images/taco.svg"
                />
                <p
                  class="c34"
                >
                  Mexican
                </p>
              </div>
              <div
                class="c33"
                role="option"
              >
                <img
                  alt="Fast Food"
                  class="c35"
                  src="http://localhost:3000/static/images/fries.svg"
                />
                <p
                  class="c34"
                >
                  Fast Food
                </p>
              </div>
            </div>
          </div>
        </div>
        <div
          class="c36 c37"
        >
          <button
            class="c38"
            type="button"
          >
            Search
          </button>
        </div>
      </div>
    </div>
  </div>
</header>
`;
