// Jest Snapshot v1, https://goo.gl/fbAQLP

exports[`Component: Title should render correctly 1`] = `
.c0 {
  font-size: 1.6rem;
  line-height: 30px;
  font-weight: 500;
  color: #2f3235;
  margin-bottom: 30px;
}

@media only screen and (min-width:768px) {
  .c0 {
    font-size: 2rem;
    line-height: 32px;
  }
}

<h3
  class="c0"
>
  This is a default title
</h3>
`;
