// Jest Snapshot v1, https://goo.gl/fbAQLP

exports[`Component: Logo should render as simple H1 1`] = `
.c0 {
  margin-bottom: 5px;
}

.c1 {
  max-width: 300px;
}

@media only screen and (min-width:540px) {
  .c0 {
    margin-bottom: 7px;
  }
}

<a
  class="c0"
  href="/"
>
  <h1
    data-testid="logo"
  >
    <img
      alt="FooDublin Logo"
      class="c1"
      src="http://localhost:3003/public/images/light_logo.svg"
    />
  </h1>
</a>
`;
