// Jest Snapshot v1, https://goo.gl/fbAQLP

exports[`Component: Filter should render 1`] = `
.c1 {
  padding: 15px 8px;
  font-size: 0.9rem;
  border: 1px solid #D8D8D8;
  border-radius: 4px;
  color: #FBA52B;
  outline: none;
  cursor: pointer;
  display: -webkit-box;
  display: -webkit-flex;
  display: -ms-flexbox;
  display: flex;
  -webkit-box-pack: center;
  -webkit-justify-content: center;
  -ms-flex-pack: center;
  justify-content: center;
  -webkit-transition: all 0.2s ease-out;
  transition: all 0.2s ease-out;
  background-color: #F3F3F3;
}

.c2 {
  text-transform: uppercase;
  font-weight: 600;
}

.c3 {
  display: none;
}

.c4 {
  font-size: 1.1rem;
  line-height: 18px;
  margin-left: 10px;
  display: block;
}

.c0 {
  display: -webkit-box;
  display: -webkit-flex;
  display: -ms-flexbox;
  display: flex;
  gap: 10px;
}

.c0 button {
  -webkit-flex: 1;
  -ms-flex: 1;
  flex: 1;
}

@media only screen and (min-width:768px) {
  .c1 {
    width: auto;
    margin: 0;
    padding: 15px;
    font-size: 1rem;
  }
}

@media only screen and (min-width:992px) {
  .c1 {
    padding: 20px;
  }
}

@media only screen and (min-width:1200px) {
  .c1:hover {
    background-color: #FDF3E5;
    color: #EC7E00;
  }
}

@media only screen and (min-width:920px) {
  .c3 {
    display: block;
  }
}

@media only screen and (min-width:920px) {
  .c4 {
    display: none;
  }
}

<div
  class="c0"
  data-testid="filters"
>
  <button
    class="c1"
  >
    <span
      class="c2"
    >
      cost
    </span>
    <span
      class="c3"
    >
       - high to low
    </span>
    <i
      class="c4 material-icons"
    >
      keyboard_arrow_up
    </i>
  </button>
  <button
    class="c1"
  >
    <span
      class="c2"
    >
      cost
    </span>
    <span
      class="c3"
    >
       - low to high
    </span>
    <i
      class="c4 material-icons"
    >
      keyboard_arrow_down
    </i>
  </button>
  <button
    class="c1"
  >
    <span
      class="c2"
    >
      rank
    </span>
    <span
      class="c3"
    >
       - high to low
    </span>
    <i
      class="c4 material-icons"
    >
      keyboard_arrow_up
    </i>
  </button>
  <button
    class="c1"
  >
    <span
      class="c2"
    >
      rank
    </span>
    <span
      class="c3"
    >
       - low to high
    </span>
    <i
      class="c4 material-icons"
    >
      keyboard_arrow_down
    </i>
  </button>
</div>
`;
